APU image: entry=$0400, 5 records
  $4C30 len=378
  $4C10 len=24
  $0400 len=9971
  $4B00 len=256
  $4DB0 len=41280
BRR region: 41280 bytes, 63 directory entries, 55 looped samples
NOTE: invalid shift block: SRCN $32 region+0x261c hdr=$D0 (player implements the (n>>>3)<<<12 rule)
NOTE: invalid shift block: SRCN $33 region+0x261c hdr=$D0 (player implements the (n>>>3)<<<12 rule)
reused trace (73 effects)
segment region over budget (71306 > 0x10000 at amp_step=2); coarsening to 4
segment region over budget (69002 > 0x10000 at amp_step=4); coarsening to 8
segment region over budget (66302 > 0x10000 at amp_step=8); coarsening to 16
amp_step=16: 1999 entries, 8208 extension bytes

bank v6: 63530 bytes (62.0 KB) | 73/73 effects mapped | 18 loop-forever | 55 segmented / 1999 entries | 55 amp-shaped | BRR @0x800 (+8208 ext), segments @0xc950

fx     fixed    env     len  note
A01    0.204  0.258  108048  
A02    0.150  0.079   16032  
A03    0.237  0.205   70656  
A04    0.133  0.311   94176  
A05    0.186  0.283   99792  
A06    0.425  0.416   51568  
A07    0.236  0.236    8592  
A08    0.563  0.563   38880  
A09    0.689  0.689    2224  
A0A    0.192  0.196    1584  
A0B    0.313  0.490    6256  
A0C    0.633  0.633    8000  
A0D    0.661  0.661    8000  
A0E    0.622  0.622    8000  
A0F    0.063  0.108    8000  
A10    0.074  0.442    8000  
A11    0.621  0.621    8000  
A12    0.447  0.447    8000  
A13    0.053  0.391    7072  
A14    0.074  0.288    8000  multi-sample effect
A15    0.066  0.243    8000  multi-sample effect
A16    0.084  0.477    6304  
A17    0.093  0.289    8112  
A18    0.029  0.159   13888  
A19    0.071  0.478   94048  
A1A    0.060  0.055  131920  
A1B    0.133  0.133    5488  
A1C    0.491  0.491    5488  
A1D    0.336  0.333   36032  
A1E    0.246  0.141    1504  
A1F    0.073  0.469    9712  
A20    0.070  0.502   12352  
A21    0.040  0.040    8000  
A22    0.157  0.323    6256  
A23    0.174  0.459   16208  
A24    0.536  0.076    2400  
A25    0.480  0.520    6256  
A26    0.072  0.079    3984  
A27    0.106  0.608    1568  
A28    0.122  0.671    1552  
A29    0.124  0.491    6256  
A2A    0.144  0.138    4992  
A2B    0.061  0.221    9968  
A2C    0.141  0.665    1984  
A2D    0.056  0.056  312848  
A2E    0.550  0.576    8000  
A2F    0.683  0.683    8000  
A30    0.030  0.317   12704  
B01    0.801  0.801   22320  
B02    0.660  0.660   22320  
B03    0.408  0.408   22320  
B04    0.035  0.035    3424  
B05    0.619  0.619   16128  
B06    0.612  0.612   16128  multi-sample effect
B07    0.065  0.065    3424  multi-sample effect
B08    0.828  0.886    8000  
B09    0.639  0.639    8000  
B0A    0.951  0.951   22320  
B0B    0.887  0.887  147328  
B0C    0.335  0.335   16128  
B0D    0.877  0.877   16128  
B0E    0.047  0.047    7312  
B0F    0.167  0.167   29184  
B10    0.486  0.486   20160  
B11    0.452  0.452    3312  
B12    0.605  0.605    7312  
B13    0.836  0.836    3424  
B14    0.000  0.000     240  
B15    0.044  0.044    7312  
B16    0.005  0.005    8000  
B17    0.122  0.139    8736  
B18    0.000  0.000     992  
B19    0.083  0.083    3488  
